<area shape="rect" href="$classPolynomial.html#4db9e4f680c52fb8af45f3ae985a4055" title="Polynomial::antiderivative" alt="" coords="189,5,373,32">
<area shape="rect" href="$classPolynomial.html#aef1ed2dbc29d419c58c6d61b35853c3" title="Polynomial::derivative" alt="" coords="201,56,361,83">
<area shape="rect" href="$classPolynomial.html#47a8de184c159d413235dbb3a192554d" title="Polynomial::insert" alt="" coords="215,107,348,133">
<area shape="rect" href="$classPolynomial.html#1e00f25b4de1d335f437749c7bd93ac9" title="Polynomial::operator*" alt="" coords="201,157,361,184">
<area shape="rect" href="$classPolynomial.html#2ceb25a673d4c03b346595639ade0981" title="Polynomial::operator+=" alt="" coords="193,208,369,235">
<area shape="rect" href="$poly_8cc.html#1446b464245742ccedeacb27fd794bab" title="operator\&gt;\&gt;" alt="" coords="232,259,331,285">
<area shape="rect" href="$classPolynomial.html#fa571a95bc93973b6727e4bdbda7a43d" title="Polynomial::Polynomial" alt="" coords="197,309,365,336">
<area shape="rect" href="$poly_8h.html#a512be609af2a7ca60e6ae4fbca63421" title="antiderivative" alt="" coords="447,5,553,32">
<area shape="rect" href="$poly_8h.html#b201f37e58ec35c0d6fc0029ea309a92" title="derivative" alt="" coords="459,56,541,83">
<area shape="rect" href="$classPolynomial.html#d052b311f23798bf5136bd7444fd91d2" title="Polynomial::operator&#45;" alt="" coords="421,157,579,184">
